Archive member included because of file (symbol)

c:/winavr-20100110/bin/../lib/gcc/avr/4.3.3/avr5\libgcc.a(_mulsi3.o)
                              FAT32.o (__mulsi3)
c:/winavr-20100110/bin/../lib/gcc/avr/4.3.3/avr5\libgcc.a(_udivmodqi4.o)
                              Rejestr_we_wy.o (__udivmodqi4)
c:/winavr-20100110/bin/../lib/gcc/avr/4.3.3/avr5\libgcc.a(_udivmodsi4.o)
                              FAT32.o (__udivmodsi4)
c:/winavr-20100110/bin/../lib/gcc/avr/4.3.3/avr5\libgcc.a(_exit.o)
                              c:/winavr-20100110/bin/../lib/gcc/avr/4.3.3/../../../../avr/lib/avr5/crtm32.o (exit)
c:/winavr-20100110/bin/../lib/gcc/avr/4.3.3/avr5\libgcc.a(_copy_data.o)
                              Rejestr_we_wy.o (__do_copy_data)
c:/winavr-20100110/bin/../lib/gcc/avr/4.3.3/avr5\libgcc.a(_clear_bss.o)
                              Rejestr_we_wy.o (__do_clear_bss)
c:/winavr-20100110/bin/../lib/gcc/avr/4.3.3/../../../../avr/lib/avr5\libc.a(itoa.o)
                              Rejestr_we_wy.o (itoa)
c:/winavr-20100110/bin/../lib/gcc/avr/4.3.3/../../../../avr/lib/avr5\libc.a(strrev.o)
                              c:/winavr-20100110/bin/../lib/gcc/avr/4.3.3/../../../../avr/lib/avr5\libc.a(itoa.o) (strrev)
c:/winavr-20100110/bin/../lib/gcc/avr/4.3.3/avr5\libgcc.a(_udivmodhi4.o)
                              c:/winavr-20100110/bin/../lib/gcc/avr/4.3.3/../../../../avr/lib/avr5\libc.a(itoa.o) (__udivmodhi4)

Allocating common symbols
Common symbol       size              file

zmiana              0x2               Rejestr_we_wy.o
rekord              0x19              Rejestr_we_wy.o
zdarzenie           0x8               Rejestr_we_wy.o
appendFileLocation  0x4               Rejestr_we_wy.o
sek_p               0x1               Rejestr_we_wy.o
fileName            0xd               Rejestr_we_wy.o
dateFAT             0x2               FAT32.o
firstDataSector     0x4               Rejestr_we_wy.o
fileSize            0x4               Rejestr_we_wy.o
bytesPerSector      0x2               Rejestr_we_wy.o
PCF8563_status_CS1  0x1               Rejestr_we_wy.o
totalClusters       0x4               Rejestr_we_wy.o
rootCluster         0x4               Rejestr_we_wy.o
timeFAT             0x2               FAT32.o
kolejnosc_otw       0x2               Rejestr_we_wy.o
startBlock          0x4               Rejestr_we_wy.o
minuta              0x1               Rejestr_we_wy.o
kolejnosc_zam       0x2               Rejestr_we_wy.o
dr_w                0x2               Rejestr_we_wy.o
buffer              0x200             Rejestr_we_wy.o
sectorPerCluster    0x2               Rejestr_we_wy.o
dr_z                0x2               Rejestr_we_wy.o
unusedSectors       0x4               Rejestr_we_wy.o
SDHC_flag           0x1               Rejestr_we_wy.o
totalBlocks         0x4               Rejestr_we_wy.o
reservedSectorCount
                    0x2               Rejestr_we_wy.o
rob                 0x1               Rejestr_we_wy.o
appendStartCluster  0x4               Rejestr_we_wy.o
nr_inf              0x2               Rejestr_we_wy.o
miesiac             0x1               Rejestr_we_wy.o
godzina             0x1               Rejestr_we_wy.o
cardType            0x1               Rejestr_we_wy.o
tryb_zapisu         0x2               Rejestr_we_wy.o
we_wy               0x2               Rejestr_we_wy.o
sek                 0x1               Rejestr_we_wy.o
rok                 0x1               Rejestr_we_wy.o
str                 0x11              Rejestr_we_wy.o
tryb_ustawiania     0x2               Rejestr_we_wy.o
freeClusterCountUpdated
                    0x1               Rejestr_we_wy.o
appendFileSector    0x4               Rejestr_we_wy.o
dzien               0x1               Rejestr_we_wy.o

Memory Configuration

Name             Origin             Length             Attributes
text             0x00000000         0x00020000         xr
data             0x00800060         0x0000ffa0         rw !x
eeprom           0x00810000         0x00010000         rw !x
fuse             0x00820000         0x00000400         rw !x
lock             0x00830000         0x00000400         rw !x
signature        0x00840000         0x00000400         rw !x
*default*        0x00000000         0xffffffff

Linker script and memory map

LOAD c:/winavr-20100110/bin/../lib/gcc/avr/4.3.3/../../../../avr/lib/avr5/crtm32.o
LOAD Rejestr_we_wy.o
LOAD FAT32.o
LOAD SD_routines.o
LOAD SPI_routines.o
LOAD c:/winavr-20100110/bin/../lib/gcc/avr/4.3.3/avr5\libgcc.a
LOAD c:/winavr-20100110/bin/../lib/gcc/avr/4.3.3/../../../../avr/lib/avr5\libc.a
LOAD c:/winavr-20100110/bin/../lib/gcc/avr/4.3.3/avr5\libgcc.a

.hash
 *(.hash)

.dynsym
 *(.dynsym)

.dynstr
 *(.dynstr)

.gnu.version
 *(.gnu.version)

.gnu.version_d
 *(.gnu.version_d)

.gnu.version_r
 *(.gnu.version_r)

.rel.init
 *(.rel.init)

.rela.init
 *(.rela.init)

.rel.text
 *(.rel.text)
 *(.rel.text.*)
 *(.rel.gnu.linkonce.t*)

.rela.text
 *(.rela.text)
 *(.rela.text.*)
 *(.rela.gnu.linkonce.t*)

.rel.fini
 *(.rel.fini)

.rela.fini
 *(.rela.fini)

.rel.rodata
 *(.rel.rodata)
 *(.rel.rodata.*)
 *(.rel.gnu.linkonce.r*)

.rela.rodata
 *(.rela.rodata)
 *(.rela.rodata.*)
 *(.rela.gnu.linkonce.r*)

.rel.data
 *(.rel.data)
 *(.rel.data.*)
 *(.rel.gnu.linkonce.d*)

.rela.data
 *(.rela.data)
 *(.rela.data.*)
 *(.rela.gnu.linkonce.d*)

.rel.ctors
 *(.rel.ctors)

.rela.ctors
 *(.rela.ctors)

.rel.dtors
 *(.rel.dtors)

.rela.dtors
 *(.rela.dtors)

.rel.got
 *(.rel.got)

.rela.got
 *(.rela.got)

.rel.bss
 *(.rel.bss)

.rela.bss
 *(.rela.bss)

.rel.plt
 *(.rel.plt)

.rela.plt
 *(.rela.plt)

.text           0x00000000     0x2d5c
 *(.vectors)
 .vectors       0x00000000       0x54 c:/winavr-20100110/bin/../lib/gcc/avr/4.3.3/../../../../avr/lib/avr5/crtm32.o
                0x00000000                __vectors
                0x00000000                __vector_default
 *(.vectors)
 *(.progmem.gcc*)
 *(.progmem*)
                0x00000054                . = ALIGN (0x2)
                0x00000054                __trampolines_start = .
 *(.trampolines)
 .trampolines   0x00000054        0x0 linker stubs
 *(.trampolines*)
                0x00000054                __trampolines_end = .
 *(.jumptables)
 *(.jumptables*)
 *(.lowtext)
 *(.lowtext*)
                0x00000054                __ctors_start = .
 *(.ctors)
                0x00000054                __ctors_end = .
                0x00000054                __dtors_start = .
 *(.dtors)
                0x00000054                __dtors_end = .
 SORT(*)(.ctors)
 SORT(*)(.dtors)
 *(.init0)
 .init0         0x00000054        0x0 c:/winavr-20100110/bin/../lib/gcc/avr/4.3.3/../../../../avr/lib/avr5/crtm32.o
                0x00000054                __init
 *(.init0)
 *(.init1)
 *(.init1)
 *(.init2)
 .init2         0x00000054        0xc c:/winavr-20100110/bin/../lib/gcc/avr/4.3.3/../../../../avr/lib/avr5/crtm32.o
 *(.init2)
 *(.init3)
 *(.init3)
 *(.init4)
 .init4         0x00000060       0x16 c:/winavr-20100110/bin/../lib/gcc/avr/4.3.3/avr5\libgcc.a(_copy_data.o)
                0x00000060                __do_copy_data
 .init4         0x00000076       0x10 c:/winavr-20100110/bin/../lib/gcc/avr/4.3.3/avr5\libgcc.a(_clear_bss.o)
                0x00000076                __do_clear_bss
 *(.init4)
 *(.init5)
 *(.init5)
 *(.init6)
 *(.init6)
 *(.init7)
 *(.init7)
 *(.init8)
 *(.init8)
 *(.init9)
 .init9         0x00000086        0x8 c:/winavr-20100110/bin/../lib/gcc/avr/4.3.3/../../../../avr/lib/avr5/crtm32.o
 *(.init9)
 *(.text)
 .text          0x0000008e        0x4 c:/winavr-20100110/bin/../lib/gcc/avr/4.3.3/../../../../avr/lib/avr5/crtm32.o
                0x0000008e                __vector_1
                0x0000008e                __vector_12
                0x0000008e                __bad_interrupt
                0x0000008e                __vector_6
                0x0000008e                __vector_3
                0x0000008e                __vector_11
                0x0000008e                __vector_13
                0x0000008e                __vector_17
                0x0000008e                __vector_19
                0x0000008e                __vector_7
                0x0000008e                __vector_5
                0x0000008e                __vector_4
                0x0000008e                __vector_9
                0x0000008e                __vector_2
                0x0000008e                __vector_15
                0x0000008e                __vector_8
                0x0000008e                __vector_14
                0x0000008e                __vector_10
                0x0000008e                __vector_16
                0x0000008e                __vector_18
                0x0000008e                __vector_20
 .text          0x00000092     0x137c Rejestr_we_wy.o
                0x000004fc                port_init
                0x0000045e                PCF8563_get_date
                0x000003aa                PCF8563_get_time
                0x00000940                lcd_put_time
                0x000000bc                _LCD_Write
                0x0000010a                LCD_GoTo
                0x0000034a                PCF8563_start
                0x0000011e                LCD_Clear
                0x00000566                sprawdzenie_drzwi
                0x000006c0                czas_data_do_rekordu
                0x000008fe                lcd_put_godz_min
                0x000001b8                I2C_start
                0x00000bca                ust_zapisu
                0x000000f0                LCD_WriteText
                0x00000a08                wyswietl_inf
                0x000002d0                PCF8563_read
                0x000002a0                bcd2bin
                0x00000092                _LCD_OutNibble
                0x00001324                init_devices
                0x000011d4                spr_czy_zapis_rekordu
                0x0000013e                LCD_Initalize
                0x00000840                lcd_putint
                0x000010f6                zapisz_SD
                0x0000097a                obsluga_PCF8563
                0x00000334                PCF8563_stop
                0x00000884                lcd_put_dzien_mc
                0x000011f2                inicjuj_SD
                0x000008c6                lcd_put_date
                0x00001356                main
                0x000002b6                bin2bcd
                0x000001ec                I2C_read
                0x00000534                beep_3
                0x0000012e                LCD_Home
                0x000004c8                PCF8563_set_date
                0x0000042a                PCF8563_set_time
                0x00000360                PCF8563_write_bcd
                0x000000e8                LCD_WriteData
                0x00000516                beep
                0x000000e0                LCD_WriteCommand
                0x00000fd6                dopisz_rekord
                0x00000300                PCF8563_get_status_CS1
                0x00000c46                ust_zegara
                0x0000030c                PCF8563_write
                0x000001d8                I2C_stop
                0x00000246                I2C_write
                0x00000384                PCF8563_init
 .text          0x0000140e     0x14e4 FAT32.o
                0x00001c50                getSetNextCluster
                0x00002082                readFile
                0x0000187c                memoryStatistics
                0x00001458                convertFileName
                0x000016ac                getSetFreeCluster
                0x00002066                deleteFile
                0x00001598                searchNextFreeCluster
                0x00002206                writeFile
                0x000017ba                freeMemoryUpdate
                0x00001a84                getBootSectorData
                0x00001d4a                findFiles
                0x0000140e                getFirstSector
                0x00001560                displayMemory
 .text          0x000028f2      0x324 SD_routines.o
                0x000029ca                SD_erase
                0x00002b18                SD_writeSingleBlock
                0x000028f2                SD_sendCommand
                0x00002bb4                SD_readSingleBlock
                0x00002a30                SD_init
 .text          0x00002c16       0x1e SPI_routines.o
                0x00002c1e                SPI_transmit
                0x00002c16                spi_init
                0x00002c28                SPI_receive
 .text          0x00002c34        0x0 c:/winavr-20100110/bin/../lib/gcc/avr/4.3.3/avr5\libgcc.a(_mulsi3.o)
 .text          0x00002c34        0x0 c:/winavr-20100110/bin/../lib/gcc/avr/4.3.3/avr5\libgcc.a(_udivmodqi4.o)
 .text          0x00002c34        0x0 c:/winavr-20100110/bin/../lib/gcc/avr/4.3.3/avr5\libgcc.a(_udivmodsi4.o)
 .text          0x00002c34        0x0 c:/winavr-20100110/bin/../lib/gcc/avr/4.3.3/avr5\libgcc.a(_exit.o)
 .text          0x00002c34        0x0 c:/winavr-20100110/bin/../lib/gcc/avr/4.3.3/avr5\libgcc.a(_copy_data.o)
 .text          0x00002c34        0x0 c:/winavr-20100110/bin/../lib/gcc/avr/4.3.3/avr5\libgcc.a(_clear_bss.o)
 .text          0x00002c34        0x0 c:/winavr-20100110/bin/../lib/gcc/avr/4.3.3/../../../../avr/lib/avr5\libc.a(itoa.o)
 .text          0x00002c34        0x0 c:/winavr-20100110/bin/../lib/gcc/avr/4.3.3/../../../../avr/lib/avr5\libc.a(strrev.o)
 .text          0x00002c34        0x0 c:/winavr-20100110/bin/../lib/gcc/avr/4.3.3/avr5\libgcc.a(_udivmodhi4.o)
                0x00002c34                . = ALIGN (0x2)
 *(.text.*)
 .text.libgcc   0x00002c34       0x3e c:/winavr-20100110/bin/../lib/gcc/avr/4.3.3/avr5\libgcc.a(_mulsi3.o)
                0x00002c34                __mulsi3
 .text.libgcc   0x00002c72       0x18 c:/winavr-20100110/bin/../lib/gcc/avr/4.3.3/avr5\libgcc.a(_udivmodqi4.o)
                0x00002c72                __udivmodqi4
 .text.libgcc   0x00002c8a       0x44 c:/winavr-20100110/bin/../lib/gcc/avr/4.3.3/avr5\libgcc.a(_udivmodsi4.o)
                0x00002c8a                __udivmodsi4
 .text.libgcc   0x00002cce        0x0 c:/winavr-20100110/bin/../lib/gcc/avr/4.3.3/avr5\libgcc.a(_exit.o)
 .text.libgcc   0x00002cce        0x0 c:/winavr-20100110/bin/../lib/gcc/avr/4.3.3/avr5\libgcc.a(_copy_data.o)
 .text.libgcc   0x00002cce        0x0 c:/winavr-20100110/bin/../lib/gcc/avr/4.3.3/avr5\libgcc.a(_clear_bss.o)
 .text.avr-libc
                0x00002cce       0x42 c:/winavr-20100110/bin/../lib/gcc/avr/4.3.3/../../../../avr/lib/avr5\libc.a(itoa.o)
                0x00002cce                itoa
 .text.avr-libc
                0x00002d10       0x20 c:/winavr-20100110/bin/../lib/gcc/avr/4.3.3/../../../../avr/lib/avr5\libc.a(strrev.o)
                0x00002d10                strrev
 .text.libgcc   0x00002d30       0x28 c:/winavr-20100110/bin/../lib/gcc/avr/4.3.3/avr5\libgcc.a(_udivmodhi4.o)
                0x00002d30                __udivmodhi4
                0x00002d58                . = ALIGN (0x2)
 *(.fini9)
 .fini9         0x00002d58        0x0 c:/winavr-20100110/bin/../lib/gcc/avr/4.3.3/avr5\libgcc.a(_exit.o)
                0x00002d58                exit
                0x00002d58                _exit
 *(.fini9)
 *(.fini8)
 *(.fini8)
 *(.fini7)
 *(.fini7)
 *(.fini6)
 *(.fini6)
 *(.fini5)
 *(.fini5)
 *(.fini4)
 *(.fini4)
 *(.fini3)
 *(.fini3)
 *(.fini2)
 *(.fini2)
 *(.fini1)
 *(.fini1)
 *(.fini0)
 .fini0         0x00002d58        0x4 c:/winavr-20100110/bin/../lib/gcc/avr/4.3.3/avr5\libgcc.a(_exit.o)
 *(.fini0)
                0x00002d5c                _etext = .

.data           0x00800060      0x20e load address 0x00002d5c
                0x00800060                PROVIDE (__data_start, .)
 *(.data)
 .data          0x00800060        0x0 c:/winavr-20100110/bin/../lib/gcc/avr/4.3.3/../../../../avr/lib/avr5/crtm32.o
 .data          0x00800060      0x20e Rejestr_we_wy.o
                0x0080025f                porta
                0x00800261                fileNameZ
 .data          0x0080026e        0x0 FAT32.o
 .data          0x0080026e        0x0 SD_routines.o
 .data          0x0080026e        0x0 SPI_routines.o
 .data          0x0080026e        0x0 c:/winavr-20100110/bin/../lib/gcc/avr/4.3.3/avr5\libgcc.a(_mulsi3.o)
 .data          0x0080026e        0x0 c:/winavr-20100110/bin/../lib/gcc/avr/4.3.3/avr5\libgcc.a(_udivmodqi4.o)
 .data          0x0080026e        0x0 c:/winavr-20100110/bin/../lib/gcc/avr/4.3.3/avr5\libgcc.a(_udivmodsi4.o)
 .data          0x0080026e        0x0 c:/winavr-20100110/bin/../lib/gcc/avr/4.3.3/avr5\libgcc.a(_exit.o)
 .data          0x0080026e        0x0 c:/winavr-20100110/bin/../lib/gcc/avr/4.3.3/avr5\libgcc.a(_copy_data.o)
 .data          0x0080026e        0x0 c:/winavr-20100110/bin/../lib/gcc/avr/4.3.3/avr5\libgcc.a(_clear_bss.o)
 .data          0x0080026e        0x0 c:/winavr-20100110/bin/../lib/gcc/avr/4.3.3/../../../../avr/lib/avr5\libc.a(itoa.o)
 .data          0x0080026e        0x0 c:/winavr-20100110/bin/../lib/gcc/avr/4.3.3/../../../../avr/lib/avr5\libc.a(strrev.o)
 .data          0x0080026e        0x0 c:/winavr-20100110/bin/../lib/gcc/avr/4.3.3/avr5\libgcc.a(_udivmodhi4.o)
 *(.data*)
 *(.rodata)
 *(.rodata*)
 *(.gnu.linkonce.d*)
                0x0080026e                . = ALIGN (0x2)
                0x0080026e                _edata = .
                0x0080026e                PROVIDE (__data_end, .)

.bss            0x0080026e      0x295
                0x0080026e                PROVIDE (__bss_start, .)
 *(.bss)
 .bss           0x0080026e        0x0 c:/winavr-20100110/bin/../lib/gcc/avr/4.3.3/../../../../avr/lib/avr5/crtm32.o
 .bss           0x0080026e        0x6 Rejestr_we_wy.o
                0x00800272                ustaw
                0x0080026e                i
                0x00800270                funkcja
 .bss           0x00800274        0x0 FAT32.o
 .bss           0x00800274        0x0 SD_routines.o
 .bss           0x00800274        0x0 SPI_routines.o
 .bss           0x00800274        0x0 c:/winavr-20100110/bin/../lib/gcc/avr/4.3.3/avr5\libgcc.a(_mulsi3.o)
 .bss           0x00800274        0x0 c:/winavr-20100110/bin/../lib/gcc/avr/4.3.3/avr5\libgcc.a(_udivmodqi4.o)
 .bss           0x00800274        0x0 c:/winavr-20100110/bin/../lib/gcc/avr/4.3.3/avr5\libgcc.a(_udivmodsi4.o)
 .bss           0x00800274        0x0 c:/winavr-20100110/bin/../lib/gcc/avr/4.3.3/avr5\libgcc.a(_exit.o)
 .bss           0x00800274        0x0 c:/winavr-20100110/bin/../lib/gcc/avr/4.3.3/avr5\libgcc.a(_copy_data.o)
 .bss           0x00800274        0x0 c:/winavr-20100110/bin/../lib/gcc/avr/4.3.3/avr5\libgcc.a(_clear_bss.o)
 .bss           0x00800274        0x0 c:/winavr-20100110/bin/../lib/gcc/avr/4.3.3/../../../../avr/lib/avr5\libc.a(itoa.o)
 .bss           0x00800274        0x0 c:/winavr-20100110/bin/../lib/gcc/avr/4.3.3/../../../../avr/lib/avr5\libc.a(strrev.o)
 .bss           0x00800274        0x0 c:/winavr-20100110/bin/../lib/gcc/avr/4.3.3/avr5\libgcc.a(_udivmodhi4.o)
 *(.bss*)
 *(COMMON)
 COMMON         0x00800274      0x28b Rejestr_we_wy.o
                0x00800274                zmiana
                0x00800276                rekord
                0x0080028f                zdarzenie
                0x00800297                appendFileLocation
                0x0080029b                sek_p
                0x0080029c                fileName
                0x008002a9                firstDataSector
                0x008002ad                fileSize
                0x008002b1                bytesPerSector
                0x008002b3                PCF8563_status_CS1
                0x008002b4                totalClusters
                0x008002b8                rootCluster
                0x008002bc                kolejnosc_otw
                0x008002be                startBlock
                0x008002c2                minuta
                0x008002c3                kolejnosc_zam
                0x008002c5                dr_w
                0x008002c7                buffer
                0x008004c7                sectorPerCluster
                0x008004c9                dr_z
                0x008004cb                unusedSectors
                0x008004cf                SDHC_flag
                0x008004d0                totalBlocks
                0x008004d4                reservedSectorCount
                0x008004d6                rob
                0x008004d7                appendStartCluster
                0x008004db                nr_inf
                0x008004dd                miesiac
                0x008004de                godzina
                0x008004df                cardType
                0x008004e0                tryb_zapisu
                0x008004e2                we_wy
                0x008004e4                sek
                0x008004e5                rok
                0x008004e6                str
                0x008004f7                tryb_ustawiania
                0x008004f9                freeClusterCountUpdated
                0x008004fa                appendFileSector
                0x008004fe                dzien
 COMMON         0x008004ff        0x4 FAT32.o
                0x008004ff                dateFAT
                0x00800501                timeFAT
                0x00800503                PROVIDE (__bss_end, .)
                0x00002d5c                __data_load_start = LOADADDR (.data)
                0x00002f6a                __data_load_end = (__data_load_start + SIZEOF (.data))

.noinit         0x00800503        0x0
                0x00800503                PROVIDE (__noinit_start, .)
 *(.noinit*)
                0x00800503                PROVIDE (__noinit_end, .)
                0x00800503                _end = .
                0x00800503                PROVIDE (__heap_start, .)

.eeprom         0x00810000        0x0
 *(.eeprom*)
                0x00810000                __eeprom_end = .

.fuse
 *(.fuse)
 *(.lfuse)
 *(.hfuse)
 *(.efuse)

.lock
 *(.lock*)

.signature
 *(.signature*)

.stab
 *(.stab)

.stabstr
 *(.stabstr)

.stab.excl
 *(.stab.excl)

.stab.exclstr
 *(.stab.exclstr)

.stab.index
 *(.stab.index)

.stab.indexstr
 *(.stab.indexstr)

.comment
 *(.comment)

.debug
 *(.debug)

.line
 *(.line)

.debug_srcinfo
 *(.debug_srcinfo)

.debug_sfnames
 *(.debug_sfnames)

.debug_aranges  0x00000000       0x80
 *(.debug_aranges)
 .debug_aranges
                0x00000000       0x20 Rejestr_we_wy.o
 .debug_aranges
                0x00000020       0x20 FAT32.o
 .debug_aranges
                0x00000040       0x20 SD_routines.o
 .debug_aranges
                0x00000060       0x20 SPI_routines.o

.debug_pubnames
                0x00000000      0x8ea
 *(.debug_pubnames)
 .debug_pubnames
                0x00000000      0x59e Rejestr_we_wy.o
 .debug_pubnames
                0x0000059e      0x25a FAT32.o
 .debug_pubnames
                0x000007f8       0xb2 SD_routines.o
 .debug_pubnames
                0x000008aa       0x40 SPI_routines.o

.debug_info     0x00000000     0x2c6b
 *(.debug_info)
 .debug_info    0x00000000     0x1c46 Rejestr_we_wy.o
 .debug_info    0x00001c46      0xcd6 FAT32.o
 .debug_info    0x0000291c      0x289 SD_routines.o
 .debug_info    0x00002ba5       0xc6 SPI_routines.o
 *(.gnu.linkonce.wi.*)

.debug_abbrev   0x00000000      0x6a5
 *(.debug_abbrev)
 .debug_abbrev  0x00000000      0x349 Rejestr_we_wy.o
 .debug_abbrev  0x00000349      0x210 FAT32.o
 .debug_abbrev  0x00000559       0xbf SD_routines.o
 .debug_abbrev  0x00000618       0x8d SPI_routines.o

.debug_line     0x00000000     0x2935
 *(.debug_line)
 .debug_line    0x00000000     0x1b94 Rejestr_we_wy.o
 .debug_line    0x00001b94      0x94d FAT32.o
 .debug_line    0x000024e1      0x391 SD_routines.o
 .debug_line    0x00002872       0xc3 SPI_routines.o

.debug_frame    0x00000000      0x470
 *(.debug_frame)
 .debug_frame   0x00000000      0x2f0 Rejestr_we_wy.o
 .debug_frame   0x000002f0       0xe0 FAT32.o
 .debug_frame   0x000003d0       0x60 SD_routines.o
 .debug_frame   0x00000430       0x40 SPI_routines.o

.debug_str      0x00000000      0xb7d
 *(.debug_str)
 .debug_str     0x00000000      0x5ac Rejestr_we_wy.o
                                0x5ec (size before relaxing)
 .debug_str     0x000005ac      0x531 FAT32.o
                                0x6ff (size before relaxing)
 .debug_str     0x00000add       0x6c SD_routines.o
                                0x155 (size before relaxing)
 .debug_str     0x00000b49       0x34 SPI_routines.o
                                 0xe4 (size before relaxing)

.debug_loc      0x00000000     0x2044
 *(.debug_loc)
 .debug_loc     0x00000000      0xe0a Rejestr_we_wy.o
 .debug_loc     0x00000e0a      0xf2d FAT32.o
 .debug_loc     0x00001d37      0x2e7 SD_routines.o
 .debug_loc     0x0000201e       0x26 SPI_routines.o

.debug_macinfo
 *(.debug_macinfo)
OUTPUT(Rejestr_we_wy.elf elf32-avr)
LOAD linker stubs

.debug_ranges   0x00000000      0x270
 .debug_ranges  0x00000000      0x270 Rejestr_we_wy.o
